[16:45:31] [ServerMain/INFO]: Environment: Environment[sessionHost=https://sessionserver.mojang.com, servicesHost=https://api.minecraftservices.com, profilesHost=https://api.mojang.com, name=PROD]
[16:45:35] [ServerMain/INFO]: Loaded 1515 recipes
[16:45:35] [ServerMain/INFO]: Loaded 1617 advancements
[16:45:35] [Server thread/INFO]: Starting minecraft server version 26.1.2
[16:45:35] [Server thread/INFO]: Loading properties
[16:45:35] [Server thread/INFO]: Default game type: SURVIVAL
[16:45:35] [Server thread/INFO]: Generating keypair
[16:45:36] [Server thread/INFO]: Starting Minecraft server on *:25565
[16:45:36] [Server thread/WARN]: **** SERVER IS RUNNING IN OFFLINE/INSECURE MODE!
[16:45:36] [Server thread/WARN]: The server will make no attempt to authenticate usernames. Beware.
[16:45:36] [Server thread/WARN]: While this makes the game possible to play without internet access, it also opens up the ability for hackers to connect with any username they choose.
[16:45:36] [Server thread/WARN]: To change this, set "online-mode" to "true" in the server.properties file.
[16:45:36] [Server thread/INFO]: Preparing level "world"
[16:45:37] [Server thread/INFO]: Loading 0 persistent chunks...
[16:45:37] [Server thread/INFO]: Preparing spawn area: 100%
[16:45:37] [Server thread/INFO]: Time elapsed: 13 ms
[16:45:37] [Server thread/INFO]: Done (0.485s)! For help, type "help"
[16:45:37] [Server thread/INFO]: Saving chunks for level 'ServerLevel[world]'/minecraft:overworld
[16:45:37] [Server thread/INFO]: Saving chunks for level 'ServerLevel[world]'/minecraft:the_end
[16:45:37] [Server thread/INFO]: Saving chunks for level 'ServerLevel[world]'/minecraft:the_nether
[16:45:37] [Server thread/INFO]: ThreadedAnvilChunkStorage (world): All chunks are saved
[16:45:37] [Server thread/INFO]: ThreadedAnvilChunkStorage (DIM1): All chunks are saved
[16:45:37] [Server thread/INFO]: ThreadedAnvilChunkStorage (DIM-1): All chunks are saved
[16:45:37] [Server thread/INFO]: ThreadedAnvilChunkStorage: All dimensions are saved
[16:46:37] [Server thread/INFO]: Server empty for 60 seconds, pausing
[16:46:39] [Server thread/INFO]: Huriking[/139.5.44.135:58488] logged in with entity id 8 at (-158.3288909119631, 46.0, 98.42429385364962)
[16:46:39] [Server thread/INFO]: Huriking joined the game
[16:49:09] [Server thread/INFO]: Unknown or incomplete command. See below for error
[16:49:09] [Server thread/INFO]: [B[B[B[A[Asay Server restarting for backup in 10 seconds...<--[HERE]
[16:49:19] [Server thread/INFO]: Saving the game (this may take a moment!)
[16:49:19] [Server thread/INFO]: Saved the game
[16:49:24] [Server thread/INFO]: Stopping the server
[16:49:24] [Server thread/INFO]: Stopping server
[16:49:24] [Server thread/INFO]: Saving players
[16:49:24] [Server thread/INFO]: Huriking lost connection: Server closed
[16:49:24] [Server thread/INFO]: Huriking left the game
[16:49:24] [Server thread/INFO]: Saving worlds
[16:49:24] [Server thread/INFO]: Saving chunks for level 'ServerLevel[world]'/minecraft:overworld
[16:49:24] [Server thread/INFO]: Saving chunks for level 'ServerLevel[world]'/minecraft:the_end
[16:49:24] [Server thread/INFO]: Saving chunks for level 'ServerLevel[world]'/minecraft:the_nether
[16:49:24] [Server thread/INFO]: ThreadedAnvilChunkStorage (world): All chunks are saved
[16:49:24] [Server thread/INFO]: ThreadedAnvilChunkStorage (DIM1): All chunks are saved
[16:49:24] [Server thread/INFO]: ThreadedAnvilChunkStorage (DIM-1): All chunks are saved
[16:49:24] [Server thread/INFO]: ThreadedAnvilChunkStorage: All dimensions are saved
